// Jest Snapshot v1, https://goo.gl/fbAQLP

exports[`InputComponent Test Input Render 1`] = `
<input
  className="form-control"
/>
`;
