// Jest Snapshot v1, https://goo.gl/fbAQLP

exports[`Render Home View render component 1`] = `
<div
  className="background"
>
  <div
    className="d-flex justify-content-center"
    style={
      Object {
        "padding": 20,
      }
    }
  >
    <i
      className="fas fa-plane-departure fa-2x text-white"
    />
  </div>
  Array [
    <div
      className="card mx-auto opacityCell"
      data-aos="zoom-in"
    >
      <div
        className="card-header"
      >
        <div
          className=""
        >
          <strong>
            Nueva Reservación
          </strong>
        </div>
      </div>
      <div
        className="card-body"
      >
        <h6
          className="card-title"
        >
          Información del vuelo
        </h6>
        <hr />
        <div
          className="form-group"
        >
          <strong>
            Origen
          </strong>
          <select
            className="form-control"
            name="origin"
            onChange={[Function]}
          >
            <option
              value=""
            >
              Seleccionar 
              Origen
               
            </option>
          </select>
        </div>
        <br />
        <div
          className="form-group"
        >
          <strong>
            Destino
          </strong>
          <select
            className="form-control"
            name="destination"
            onChange={[Function]}
          >
            <option
              value=""
            >
              Seleccionar 
              Destino
               
            </option>
          </select>
        </div>
        <br />
        <div
          className="form-group"
        >
          <strong>
            Fecha y Hora
          </strong>
          <input
            className="form-control"
            max="2022-08-25"
            name="date"
            onChange={[Function]}
            type="date"
            value=""
          />
        </div>
        <div
          className="form-group"
        >
          <input
            className="form-control"
            name="fltime"
            onChange={[Function]}
            type="time"
            value=""
          />
        </div>
        <br />
        <div
          className="form-group"
        >
          <strong>
            Precio viaje : 
            0
             COP 
          </strong>
        </div>
        <div
          className="form-group"
        />
        <div
          className="form-group"
        >
          <strong>
            Total: 
            0
             
          </strong>
        </div>
      </div>
    </div>,
    <div
      className="card mx-auto opacityCell"
      data-aos="zoom-in"
    >
      <div
        className="card-body"
      >
        <h6
          className="card-title"
        >
          Datos personales 
        </h6>
        <hr />
        <div
          className="form-group"
        >
          <strong>
            Nombres
          </strong>
          <input
            className="form-control"
            name="name"
            onChange={[Function]}
            type="text"
            value=""
          />
        </div>
        <br />
        <div
          className="form-group"
        >
          <strong>
            Apellidos
          </strong>
          <input
            className="form-control"
            name="lastname"
            onChange={[Function]}
            type="text"
            value=""
          />
        </div>
        <br />
        <div
          className="form-group"
        >
          <strong>
             Fecha de Nacimiento 
          </strong>
          <input
            className="form-control"
            name="birthdate"
            onChange={[Function]}
            type="date"
            value=""
          />
        </div>
        <br />
        <strong
          className="text-danger"
        >
          Debes ser mayor de edad para generar una reserva!
        </strong>
      </div>
    </div>,
    "",
  ]
  <div
    className="flexCenter bg-dark"
  >
    <small
      className="text-white"
    >
      TravelCo | Todos los derechos reservados 2021
    </small>
  </div>
</div>
`;
