// Jest Snapshot v1, https://goo.gl/fbAQLP

exports[`Test Select Component Select Render 1`] = `
<select
  className="form-control"
>
  <option
    value=""
  >
    Seleccionar 
     
  </option>
</select>
`;
